// Jest Snapshot v1, https://goo.gl/fbAQLP

exports[`transformAllMoviesResponse returns transformed movies 1`] = `
Array [
  Object {
    "genre_ids": Array [
      878,
    ],
    "id": 335983,
    "image": "undefined/2uNW4WbgBXL25BAbXGLnLqX71Sw.jpg",
    "title": "Venom",
  },
  Object {
    "genre_ids": Array [
      27,
      53,
    ],
    "id": 424139,
    "image": "undefined/bXs0zkv2iGVViZEy78teg2ycDBm.jpg",
    "title": "Halloween",
  },
  Object {
    "genre_ids": Array [
      28,
      12,
      16,
      10751,
    ],
    "id": 260513,
    "image": "undefined/x1txcDXkcM65gl7w20PwYSxAYah.jpg",
    "title": "Incredibles 2",
  },
  Object {
    "genre_ids": Array [
      28,
      12,
      14,
      16,
    ],
    "id": 507569,
    "image": "undefined/lgYGPujZNckyKwQQNwMLmkWoKui.jpg",
    "title": "The Seven Deadly Sins: Prisoners of the Sky",
  },
  Object {
    "genre_ids": Array [
      18,
      10402,
      10749,
    ],
    "id": 332562,
    "image": "undefined/wrFpXMNBRj2PBiN4Z5kix51XaIZ.jpg",
    "title": "A Star Is Born",
  },
  Object {
    "genre_ids": Array [
      53,
      28,
      80,
    ],
    "id": 345887,
    "image": "undefined/cQvc9N6JiMVKqol3wcYrGshsIdZ.jpg",
    "title": "The Equalizer 2",
  },
  Object {
    "genre_ids": Array [
      28,
      35,
    ],
    "id": 523873,
    "image": "undefined/rW0A73hjzPWVwADlCTLnjLhAFLX.jpg",
    "title": "Kung Fu League",
  },
  Object {
    "genre_ids": Array [
      27,
      9648,
      53,
    ],
    "id": 439079,
    "image": "undefined/sFC1ElvoKGdHJIWRpNB3xWJ9lJA.jpg",
    "title": "The Nun",
  },
  Object {
    "genre_ids": Array [
      28,
      53,
    ],
    "id": 347375,
    "image": "undefined/2L8ehd95eSW9x7KINYtZmRkAlrZ.jpg",
    "title": "Mile 22",
  },
  Object {
    "genre_ids": Array [
      28,
      878,
      53,
    ],
    "id": 345940,
    "image": "undefined/eyWICPcxOuTcDDDbTMOZawoOn8d.jpg",
    "title": "The Meg",
  },
  Object {
    "genre_ids": Array [
      18,
      10402,
    ],
    "id": 424694,
    "image": "undefined/jf7jiy0rDVn1ljUwv3pWKousQ1p.jpg",
    "title": "Bohemian Rhapsody",
  },
  Object {
    "genre_ids": Array [
      35,
    ],
    "id": 454293,
    "image": "undefined/1NSMAaBPSbWv7sGmF8oLGMNb8Qm.jpg",
    "title": "Night School",
  },
  Object {
    "genre_ids": Array [
      12,
      878,
      28,
      14,
    ],
    "id": 299536,
    "image": "undefined/7WsyChQLEftFiDOVTGkv3hFpyyt.jpg",
    "title": "Avengers: Infinity War",
  },
  Object {
    "genre_ids": Array [
      36,
      18,
    ],
    "id": 369972,
    "image": "undefined/i91mfvFcPPlaegcbOyjGgiWfZzh.jpg",
    "title": "First Man",
  },
  Object {
    "genre_ids": Array [
      27,
      878,
      28,
      53,
    ],
    "id": 346910,
    "image": "undefined/wMq9kQXTeQCHUZOG4fAe5cAxyUA.jpg",
    "title": "The Predator",
  },
  Object {
    "genre_ids": Array [
      28,
      12,
      878,
      35,
      10751,
    ],
    "id": 363088,
    "image": "undefined/rv1AWImgx386ULjcf62VYaW8zSt.jpg",
    "title": "Ant-Man and the Wasp",
  },
  Object {
    "genre_ids": Array [
      28,
      53,
    ],
    "id": 399402,
    "image": "undefined/82eQFmaLjRv3othN6BV3Ac80Abh.jpg",
    "title": "Hunter Killer",
  },
  Object {
    "genre_ids": Array [
      28,
    ],
    "id": 447200,
    "image": "undefined/5LYSsOPzuP13201qSzMjNxi8FxN.jpg",
    "title": "Skyscraper",
  },
  Object {
    "genre_ids": Array [
      12,
      18,
    ],
    "id": 399360,
    "image": "undefined/afdZAIcAQscziqVtsEoh2PwsYTW.jpg",
    "title": "Alpha",
  },
  Object {
    "genre_ids": Array [
      16,
      12,
      35,
      10751,
      14,
    ],
    "id": 420814,
    "image": "undefined/xR5w0he6czZkcAz459a4iPBqXGe.jpg",
    "title": "Christopher Robin",
  },
]
`;
