// Jest Snapshot v1, https://goo.gl/fbAQLP

exports[`transformLocaleResponse returns transformed locales 1`] = `
Array [
  Object {
    "code": "en",
    "default": true,
    "name": "English (United Kingdom)",
    "path": "/en",
  },
  Object {
    "code": "it",
    "default": false,
    "name": "Italian",
    "path": "/it",
  },
]
`;
