// Jest Snapshot v1, https://goo.gl/fbAQLP

exports[`transformPageResponse returns transformed pages 1`] = `
Array [
  Object {
    "name": "FavouritesPage",
    "paths": Object {
      "en": "/en/favourites",
      "it": "/it/favoriti",
    },
    "reference": "favourites-page",
    "sections": Object {
      "Favourites": Object {
        "MyFavourites": Object {
          "lineOne": Object {
            "en": "My Favourites",
            "it": "I miei preferiti",
          },
          "name": Object {
            "en": "MyFavourites",
          },
        },
      },
    },
  },
  Object {
    "name": "HomePage",
    "paths": Object {
      "en": "/en",
      "it": "/it",
    },
    "reference": "home-page",
    "sections": Object {
      "SearchMovies": Object {
        "SearchMoviesText": Object {
          "lineOne": Object {
            "en": "Search Movies",
            "it": "Cerca Film",
          },
          "name": Object {
            "en": "SearchMoviesText",
          },
        },
      },
    },
  },
  Object {
    "name": "MovieDetailsPage",
    "paths": Object {
      "en": "/en/movie/:movieid",
      "it": "/it/film/:movieid",
    },
    "reference": "movie-details-page",
    "sections": Object {
      "MovieDetails": Object {
        "Cast&Crew": Object {
          "lineOne": Object {
            "en": "Cast and crew",
            "it": "Squadra produzione",
          },
          "lineTwo": Object {
            "en": "Actors",
            "it": "Attori",
          },
          "name": Object {
            "en": "Cast&Crew",
          },
        },
        "DirectorsProducers": Object {
          "lineOne": Object {
            "en": "Director",
            "it": "Regista",
          },
          "lineTwo": Object {
            "en": "Producers",
            "it": "Produttori",
          },
          "name": Object {
            "en": "DirectorsProducers",
          },
        },
        "Genre": Object {
          "lineOne": Object {
            "en": "Genre",
            "it": "Genere",
          },
          "lineTwo": Object {
            "en": "Released",
            "it": "Lancio",
          },
          "name": Object {
            "en": "Genre",
          },
        },
        "Overview": Object {
          "lineOne": Object {
            "en": "Overview",
            "it": "Breve Descrizione",
          },
          "lineTwo": Object {
            "en": "Information",
            "it": "Informazioni",
          },
          "name": Object {
            "en": "Overview",
          },
        },
        "Runtime": Object {
          "lineOne": Object {
            "en": "Runtime",
            "it": "Durata",
          },
          "lineTwo": Object {
            "en": "Rating",
            "it": "Voto",
          },
          "name": Object {
            "en": "Runtime",
          },
        },
        "Title": Object {
          "lineOne": Object {
            "en": "Title",
            "it": "Titolo",
          },
          "lineTwo": Object {
            "en": "Tagline",
            "it": "Citazione",
          },
          "name": Object {
            "en": "Title",
          },
        },
      },
    },
  },
]
`;
